

  TradeSphere - Enterprise Dispute & SLA Tests
Trade Created - ID: 0
Trade Amount Saved: 10000000000000000000
Checking Authorized for: 0xf39fd6e51aad88f6f4ce6ab8827279cfffb92266
Is Authorized: false
Registry Address: 0x5fbdb2315678afecb367f032d93f642f64180aa3
Sender in updateStatus: 0xf39fd6e51aad88f6f4ce6ab8827279cfffb92266
Updating Status for Trade: 0
New Status: 2
Current Status in LoC: 2
Checking Authorized for: 0xe7f1725e7734ce288f8367e1bb143e90bb3f0512
Is Authorized: true
Registry Address: 0x5fbdb2315678afecb367f032d93f642f64180aa3
Sender in updateStatus: 0xe7f1725e7734ce288f8367e1bb143e90bb3f0512
Updating Status for Trade: 0
New Status: 3
Checking Authorized for: 0xe7f1725e7734ce288f8367e1bb143e90bb3f0512
Is Authorized: true
Registry Address: 0x5fbdb2315678afecb367f032d93f642f64180aa3
Sender in updateStatus: 0xe7f1725e7734ce288f8367e1bb143e90bb3f0512
Updating Status for Trade: 0
New Status: 4
Sender: 0x90f79bf6eb2c4f870365e785982e1f101e93b906
Issuing Bank: 0x90f79bf6eb2c4f870365e785982e1f101e93b906
Trade Status: 4
Expected Amount: 10000000000000000000
Sent Amount: 10000000000000000000
Checking Authorized for: 0xcf7ed3acca5a467e9e704c703e8d87f634fb0fc9
Is Authorized: true
Registry Address: 0x5fbdb2315678afecb367f032d93f642f64180aa3
Sender in updateStatus: 0xcf7ed3acca5a467e9e704c703e8d87f634fb0fc9
Updating Status for Trade: 0
New Status: 5
    1) Should handle Weighted Consensus (Inspector + Insurance = 3 pts) and Revert
Trade Created - ID: 0
Trade Amount Saved: 5000000000000000000
Checking Authorized for: 0xf39fd6e51aad88f6f4ce6ab8827279cfffb92266
Is Authorized: false
Registry Address: 0x610178da211fef7d417bc0e6fed39f05609ad788
Sender in updateStatus: 0xf39fd6e51aad88f6f4ce6ab8827279cfffb92266
Updating Status for Trade: 0
New Status: 2
Current Status in LoC: 2
Checking Authorized for: 0xb7f8bc63bbcad18155201308c8f3540b07f84f5e
Is Authorized: true
Registry Address: 0x610178da211fef7d417bc0e6fed39f05609ad788
Sender in updateStatus: 0xb7f8bc63bbcad18155201308c8f3540b07f84f5e
Updating Status for Trade: 0
New Status: 3
Checking Authorized for: 0xb7f8bc63bbcad18155201308c8f3540b07f84f5e
Is Authorized: true
Registry Address: 0x610178da211fef7d417bc0e6fed39f05609ad788
Sender in updateStatus: 0xb7f8bc63bbcad18155201308c8f3540b07f84f5e
Updating Status for Trade: 0
New Status: 4
Sender: 0x90f79bf6eb2c4f870365e785982e1f101e93b906
Issuing Bank: 0x90f79bf6eb2c4f870365e785982e1f101e93b906
Trade Status: 4
Expected Amount: 5000000000000000000
Sent Amount: 5000000000000000000
Checking Authorized for: 0x0dcd1bf9a1b36ce34237eeafef220932846bcd82
Is Authorized: true
Registry Address: 0x610178da211fef7d417bc0e6fed39f05609ad788
Sender in updateStatus: 0x0dcd1bf9a1b36ce34237eeafef220932846bcd82
Updating Status for Trade: 0
New Status: 5
    Γ£ö Should trigger SLA Breach Revert if shipping deadline passed


  1 passing (376ms)
  1 failing

  1) TradeSphere - Enterprise Dispute & SLA Tests
       Should handle Weighted Consensus (Inspector + Insurance = 3 pts) and Revert:
     Error: Transaction reverted and Hardhat couldn't infer the reason.
    at TradeRegistry.<unknown> (contracts/TradeRegistry.sol:33)
    at ConsensusDispute.raiseDispute (contracts/ConsensusDispute.sol:53)
    at EdrProviderWrapper.request (node_modules\hardhat\src\internal\hardhat-network\provider\provider.ts:453:41)
    at HardhatEthersSigner.sendTransaction (node_modules\@nomicfoundation\hardhat-ethers\src\signers.ts:185:18)
    at send (node_modules\ethers\src.ts\contract\contract.ts:313:20)
    at Proxy.raiseDispute (node_modules\ethers\src.ts\contract\contract.ts:352:16)
    at Context.<anonymous> (file:///C:/Users/Student/Desktop/Even/New%20folder/TradeSphere-Protocol/test/EnterpriseDispute.test.js:60:5)
  



